#
# image map file for hosts map
#
default /sp/fvm/hosts/index.html

# World Cup Home page
rect http://www2.oslonett.no/sp/fvm/index.html 0,0 175,60

# Detroit, Michigan
rect http://www2.oslonett.no/sp/fvm/hosts/detroit.html 377,68 457,125

# Orlando, Florida
rect http://www2.oslonett.no/sp/fvm/hosts/orlando.html 393,251 496,315


# Washington D.C.
rect http://www2.oslonett.no/sp/fvm/hosts/washDC.html 370,158 494,195


# Boston, Massachusetts
rect http://www2.oslonett.no/sp/fvm/hosts/boston.html 489,27 564,94


# Chicago, Illinois
rect  http://www2.oslonett.no/sp/fvm/hosts/chi.html 273,56 372,151


# Dallas, Texas
rect  http://www2.oslonett.no/sp/fvm/hosts/dallas.html 240,202 330,263


# Los Angeles, CA
rect  http://www2.oslonett.no/sp/fvm/hosts/la.html 69,165 186,237


#San Francisco, California
rect http://www2.oslonett.no /sp/fvm/hosts/sf.html 0,75 156,158


# New York/New Jersey
rect  http://www2.oslonett.no/sp/fvm/hosts/ny.html 462,48 500,118
rect  http://www2.oslonett.no/sp/fvm/hosts/ny.html 462,110 561,156
