default http://www.oslonett.no/rl/op/

rect http://www.oslonett.no/rl/op/welcome.html			195,5 385,30
rect http://www.oslonett.no/rl/op/pages/mus_and_sights.html		22,46 188,61
rect http://www.oslonett.no/rl/op/pages/sugg_for_coach.html		22,72 169,86
rect http://www.oslonett.no/rl/op/pages/sightseeing.html		22,99 118,114
rect http://www.oslonett.no/rl/op/pages/rental_in_oslo.html		22,124 81,141
rect http://www.oslonett.no/rl/op/pages/entertainment.html		22,151 145,166
rect http://www.oslonett.no/rl/op/pages/shopping.html		22,176 101,193	
rect http://www.oslonett.no/rl/op/welcome/osloprom_info.html	148,202 304,220
rect http://www.oslonett.no/rl/op/pages/useful_adr.html		339,190 453,232
rect http://www.oslonett.no/rl/op/pages/useful_info.html		463,190 575,232
rect http://www.oslonett.no/rl/op/pages/restaurants.html#pubs	394,47 548,64
rect http://www.oslonett.no/rl/op/pages/restaurants.html		392,73 498,88
rect http://www.oslonett.no/rl/op/WO/e_whatssok.html		393,99 484,114
rect http://www.oslonett.no/rl/op/pages/transport.html		393,124 479,141
rect http://www.oslonett.no/rl/op/pages/accomodation.html		393,150 510,165

