95.09.15 14:44 B C:\HTMLAFT\IMAGES\Welcome.htm <-- www.telepost.no /ftp-abxdfmac/images Welcome.html
95.09.15 14:44 B C:\HTMLAFT\IMAGES\a.gif <-- www.telepost.no /ftp-abxdfmac/images a.gif
95.09.15 14:44 B C:\HTMLAFT\IMAGES\a2.gif <-- www.telepost.no /ftp-abxdfmac/images a2.gif
95.09.15 14:45 B C:\HTMLAFT\IMAGES\a3.gif <-- www.telepost.no /ftp-abxdfmac/images a3.gif
95.09.15 14:45 B C:\HTMLAFT\IMAGES\aft.gif <-- www.telepost.no /ftp-abxdfmac/images aft.gif
95.09.15 14:45 B C:\HTMLAFT\IMAGES\aftsp.gif <-- www.telepost.no /ftp-abxdfmac/images aftsp.gif
95.09.15 14:45 B C:\HTMLAFT\IMAGES\aiback.gif <-- www.telepost.no /ftp-abxdfmac/images aiback.gif
95.09.15 14:45 B C:\HTMLAFT\IMAGES\aita.gif <-- www.telepost.no /ftp-abxdfmac/images aita.gif
95.09.15 14:45 B C:\HTMLAFT\IMAGES\atekst.gif <-- www.telepost.no /ftp-abxdfmac/images atekst.gif
95.09.15 14:45 B C:\HTMLAFT\IMAGES\back2.gif <-- www.telepost.no /ftp-abxdfmac/images back2.gif
95.09.15 14:45 B C:\HTMLAFT\IMAGES\deb.gif <-- www.telepost.no /ftp-abxdfmac/images deb.gif
95.09.15 14:45 B C:\HTMLAFT\IMAGES\ftprofil.gif <-- www.telepost.no /ftp-abxdfmac/images ftprofil.gif
95.09.15 14:45 B C:\HTMLAFT\IMAGES\genios.gif <-- www.telepost.no /ftp-abxdfmac/images genios.gif
95.09.15 14:45 B C:\HTMLAFT\IMAGES\helsol.gif <-- www.telepost.no /ftp-abxdfmac/images helsol.gif
95.09.15 14:45 B C:\HTMLAFT\IMAGES\icon.gif <-- www.telepost.no /ftp-abxdfmac/images icon.gif
95.09.15 14:45 B C:\HTMLAFT\IMAGES\ikve.gif <-- www.telepost.no /ftp-abxdfmac/images ikve.gif
95.09.15 14:45 B C:\HTMLAFT\IMAGES\in.gif <-- www.telepost.no /ftp-abxdfmac/images in.gif
95.09.15 14:45 B C:\HTMLAFT\IMAGES\ir.gif <-- www.telepost.no /ftp-abxdfmac/images ir.gif
95.09.15 14:45 B C:\HTMLAFT\IMAGES\larrow.gif <-- www.telepost.no /ftp-abxdfmac/images larrow.gif
95.09.15 14:45 B C:\HTMLAFT\IMAGES\news.gif <-- www.telepost.no /ftp-abxdfmac/images news.gif
95.09.15 14:45 B C:\HTMLAFT\IMAGES\nordno.gif <-- www.telepost.no /ftp-abxdfmac/images nordno.gif
95.09.15 14:45 B C:\HTMLAFT\IMAGES\nya.gif <-- www.telepost.no /ftp-abxdfmac/images nya.gif
95.09.15 14:45 B C:\HTMLAFT\IMAGES\nya2.gif <-- www.telepost.no /ftp-abxdfmac/images nya2.gif
95.09.15 14:45 B C:\HTMLAFT\IMAGES\omaft.gif <-- www.telepost.no /ftp-abxdfmac/images omaft.gif
95.09.15 14:45 B C:\HTMLAFT\IMAGES\ostland.gif <-- www.telepost.no /ftp-abxdfmac/images ostland.gif
95.09.15 14:45 B C:\HTMLAFT\IMAGES\rarrow.gif <-- www.telepost.no /ftp-abxdfmac/images rarrow.gif
95.09.15 14:45 B C:\HTMLAFT\IMAGES\sol1.gif <-- www.telepost.no /ftp-abxdfmac/images sol1.gif
95.09.15 14:45 B C:\HTMLAFT\IMAGES\sp.gif <-- www.telepost.no /ftp-abxdfmac/images sp.gif
95.09.15 14:45 B C:\HTMLAFT\IMAGES\tempe.gif <-- www.telepost.no /ftp-abxdfmac/images tempe.gif
95.09.15 14:45 B C:\HTMLAFT\IMAGES\tempn.gif <-- www.telepost.no /ftp-abxdfmac/images tempn.gif
95.09.15 14:45 B C:\HTMLAFT\IMAGES\tips.gif <-- www.telepost.no /ftp-abxdfmac/images tips.gif
95.09.15 14:45 B C:\HTMLAFT\IMAGES\ur.gif <-- www.telepost.no /ftp-abxdfmac/images ur.gif
95.09.15 14:45 B C:\HTMLAFT\IMAGES\vaeret.gif <-- www.telepost.no /ftp-abxdfmac/images vaeret.gif
95.09.15 14:45 B C:\HTMLAFT\IMAGES\vestno.gif <-- www.telepost.no /ftp-abxdfmac/images vestno.gif
95.09.15 14:46 B C:\HTMLAFT\IMAGES\a.gif --> frogner.oslonett.no /home/frogner/www/aftenposten/images a.gif
95.09.15 14:46 B C:\HTMLAFT\IMAGES\a2.gif --> frogner.oslonett.no /home/frogner/www/aftenposten/images a2.gif
95.09.15 14:46 B C:\HTMLAFT\IMAGES\a3.gif --> frogner.oslonett.no /home/frogner/www/aftenposten/images a3.gif
95.09.15 14:46 B C:\HTMLAFT\IMAGES\aft.gif --> frogner.oslonett.no /home/frogner/www/aftenposten/images aft.gif
95.09.15 14:46 B C:\HTMLAFT\IMAGES\aftsp.gif --> frogner.oslonett.no /home/frogner/www/aftenposten/images aftsp.gif
95.09.15 14:46 B C:\HTMLAFT\IMAGES\aiback.gif --> frogner.oslonett.no /home/frogner/www/aftenposten/images aiback.gif
95.09.15 14:46 B C:\HTMLAFT\IMAGES\aita.gif --> frogner.oslonett.no /home/frogner/www/aftenposten/images aita.gif
95.09.15 14:46 B C:\HTMLAFT\IMAGES\atekst.gif --> frogner.oslonett.no /home/frogner/www/aftenposten/images atekst.gif
95.09.15 14:46 B C:\HTMLAFT\IMAGES\back2.gif --> frogner.oslonett.no /home/frogner/www/aftenposten/images back2.gif
95.09.15 14:46 B C:\HTMLAFT\IMAGES\deb.gif --> frogner.oslonett.no /home/frogner/www/aftenposten/images deb.gif
95.09.15 14:46 B C:\HTMLAFT\IMAGES\ftprofil.gif --> frogner.oslonett.no /home/frogner/www/aftenposten/images ftprofil.gif
95.09.15 14:46 B C:\HTMLAFT\IMAGES\genios.gif --> frogner.oslonett.no /home/frogner/www/aftenposten/images genios.gif
95.09.15 14:46 B C:\HTMLAFT\IMAGES\helsol.gif --> frogner.oslonett.no /home/frogner/www/aftenposten/images helsol.gif
95.09.15 14:46 B C:\HTMLAFT\IMAGES\icon.gif --> frogner.oslonett.no /home/frogner/www/aftenposten/images icon.gif
95.09.15 14:47 B C:\HTMLAFT\IMAGES\ikve.gif --> frogner.oslonett.no /home/frogner/www/aftenposten/images ikve.gif
95.09.15 14:47 B C:\HTMLAFT\IMAGES\in.gif --> frogner.oslonett.no /home/frogner/www/aftenposten/images in.gif
95.09.15 14:47 B C:\HTMLAFT\IMAGES\ir.gif --> frogner.oslonett.no /home/frogner/www/aftenposten/images ir.gif
95.09.15 14:47 B C:\HTMLAFT\IMAGES\larrow.gif --> frogner.oslonett.no /home/frogner/www/aftenposten/images larrow.gif
95.09.15 14:47 B C:\HTMLAFT\IMAGES\news.gif --> frogner.oslonett.no /home/frogner/www/aftenposten/images news.gif
95.09.15 14:47 B C:\HTMLAFT\IMAGES\nordno.gif --> frogner.oslonett.no /home/frogner/www/aftenposten/images nordno.gif
95.09.15 14:47 B C:\HTMLAFT\IMAGES\nya.gif --> frogner.oslonett.no /home/frogner/www/aftenposten/images nya.gif
95.09.15 14:47 B C:\HTMLAFT\IMAGES\nya2.gif --> frogner.oslonett.no /home/frogner/www/aftenposten/images nya2.gif
95.09.15 14:47 B C:\HTMLAFT\IMAGES\omaft.gif --> frogner.oslonett.no /home/frogner/www/aftenposten/images omaft.gif
95.09.15 14:47 B C:\HTMLAFT\IMAGES\ostland.gif --> frogner.oslonett.no /home/frogner/www/aftenposten/images ostland.gif
95.09.15 14:47 B C:\HTMLAFT\IMAGES\rarrow.gif --> frogner.oslonett.no /home/frogner/www/aftenposten/images rarrow.gif
95.09.15 14:47 B C:\HTMLAFT\IMAGES\sol1.gif --> frogner.oslonett.no /home/frogner/www/aftenposten/images sol1.gif
95.09.15 14:47 B C:\HTMLAFT\IMAGES\sp.gif --> frogner.oslonett.no /home/frogner/www/aftenposten/images sp.gif
95.09.15 14:47 B C:\HTMLAFT\IMAGES\tempe.gif --> frogner.oslonett.no /home/frogner/www/aftenposten/images tempe.gif
95.09.15 14:47 B C:\HTMLAFT\IMAGES\tempn.gif --> frogner.oslonett.no /home/frogner/www/aftenposten/images tempn.gif
95.09.15 14:47 B C:\HTMLAFT\IMAGES\tips.gif --> frogner.oslonett.no /home/frogner/www/aftenposten/images tips.gif
95.09.15 14:47 B C:\HTMLAFT\IMAGES\ur.gif --> frogner.oslonett.no /home/frogner/www/aftenposten/images ur.gif
95.09.15 14:47 B C:\HTMLAFT\IMAGES\vaeret.gif --> frogner.oslonett.no /home/frogner/www/aftenposten/images vaeret.gif
95.09.15 14:47 B C:\HTMLAFT\IMAGES\vestno.gif --> frogner.oslonett.no /home/frogner/www/aftenposten/images vestno.gif
95.09.15 14:47 B C:\HTMLAFT\IMAGES\welcome.htm --> frogner.oslonett.no /home/frogner/www/aftenposten/images welcome.htm
