This is TeX, C Version 3.141 (Ifi/UIO,15.12.93) (format=lplain 93.12.22)  15 MAY 1995 10:34
**16525_images.tex
(16525_images.tex
LaTeX Version 2.09 <25 March 1992>
Hyphenation patterns for american, english, norsk, germanb, loaded.

(/local/lib/tex/macros/article.sty
Standard Document Style `article' <14 Jan 92>.
(/local/lib/tex/macros/art12.sty)
\c@part=\count79
\c@section=\count80
\c@subsection=\count81
\c@subsubsection=\count82
\c@paragraph=\count83
\c@subparagraph=\count84
\c@figure=\count85
\c@table=\count86
(/local/lib/tex/macros/titlepag.sty
Document Style Option `titlepage' -- Released 16 June 1991.
)) (/local/lib/tex/macros/psfig.sty
\@unused=\write3
psfig/tex 1.8
\ps@stream=\read1
\p@intvaluex=\dimen99
\p@intvaluey=\dimen100
) (/local/lib/tex/macros/html.sty) (/local/lib/tex/macros/pstricks.sty (/local/
lib/tex/macros/pstricks.tex
`pstricks.tex' v0.92  <92/10/02> (tvz)
\pst@dima=\dimen101
\pst@dimb=\dimen102
\pst@dimc=\dimen103
\pst@dimd=\dimen104
\pst@dimg=\dimen105
\pst@dimh=\dimen106
\pst@dimi=\dimen107
\pst@dimj=\dimen108
\pst@boxa=\box25
\pst@boxb=\box26
\pst@boxg=\box27
\pst@cnta=\count87
\pst@cntb=\count88
\pst@cntc=\count89
\pst@cntd=\count90
\pst@cntg=\count91
\pst@cnth=\count92
\everypsbox=\toks15
\pstunit=\dimen109
(/local/lib/tex/macros/pstricks.con)
\psunit=\dimen110
\psxunit=\dimen111
\psyunit=\dimen112
\pst@preamble=\toks16
\pst@par=\toks17
\pslinewidth=\dimen113
\psk@border=\dimen114
\psk@linearc=\dimen115
\psk@gridwidth=\dimen116
\psk@framesep=\dimen117
\psk@shadowsize=\dimen118
\psticksize=\dimen119
\pslabelsep=\dimen120
\theoverlaybox=\box28
(/local/lib/tex/macros/pstricks.con))) (/local/lib/tex/macros/A4.sty (/local/li
b/tex/macros/a4.sty)) (/local/lib/tex/macros/norsk.sty
Style option `Norsk' version norsk-1.0c/Ifi-UiO <29 januari 1993/24 juni 1993>
English documentation <1 july 1991>
(/local/lib/tex/macros/babel.com
Style option `babel' version babel-3.0d <29 januari 1993>
English documentation dated <6 juni 1991>
)
\l@nynorsk = a dialect from \language\l@norsk 
) (/local/lib/tex/macros/fancybox.sty
Style option: `fancybox' v0.91 <92/11/25> (tvz)
\@tempfbox=\box29
\@tempdimc=\dimen121
\@tempdimd=\dimen122
\shadowsize=\dimen123
\the@fancyput=\toks18
\this@fancyput=\toks19
\Verbatim@Outfile=\write4
\Verbatim@Infile=\read2
) (/local/lib/tex/macros/fix.sty (/local/lib/tex/macros/newsmaller.sty)
\@hours=\count93
\@minutes=\count94
\TestBox=\box30
\Test@Count=\count95
) (/local/lib/tex/macros/shadow.sty
\shadbox=\box31
\sht=\dimen124
\shboxsep=\dimen125
\shparboxsep=\dimen126
\shdim=\dimen127
\shpardim=\dimen128
\shboxrule=\dimen129
) (/local/lib/tex/macros/isolatin.sty (/local/lib/tex/macros/amssymbols.sty (/l
ocal/lib/tex/macros/amssym.def
\msafam=\mathgroup9
\msbfam=\mathgroup10
\eufmfam=\mathgroup11
) (/local/lib/tex/macros/amssym.tex)) (/local/lib/tex/macros/psm.sty (/local/li
b/tex/macros/psm-common.tex)) (/local/lib/tex/macros/wasyfont.sty
\wasyfam=\mathgroup12
\wasyfamcount=\count96
) (/local/lib/tex/macros/uwcyr.sty)) (/local/lib/tex/macros/progtext.sty (/loca
l/lib/tex/macros/alltt.sty))
\@indexfile=\write5
Writing index file 16525_images.idx 
(16525_images.aux)
psfig: searching dme.eps for bounding box
psfig: including dme.eps 
[1] (16525_images.aux)
LaTeX Warning: Label(s) may have changed. Rerun to get cross-references right.
 ) 
Here is how much of TeX's memory you used:
 2148 strings out of 11700
 31081 string characters out of 199409
 61100 words of memory out of 262141
 4283 multiletter control sequences out of 9500
 8557 words of font info for 35 fonts, out of 200000 for 255
 14 hyphenation exceptions out of 607
 16i,7n,17p,561b,201s stack positions out of 300i,40n,60p,3000b,4000s

Output written on 16525_images.dvi (1 page, 444 bytes).
