95.09.15 14:40 B C:\HTMLAFT\110.htm <-- www.telepost.no /ftp-abxdfmac 110.html
95.09.15 14:40 B C:\HTMLAFT\111.htm <-- www.telepost.no /ftp-abxdfmac 111.html
95.09.15 14:40 B C:\HTMLAFT\112.htm <-- www.telepost.no /ftp-abxdfmac 112.html
95.09.15 14:40 B C:\HTMLAFT\113.htm <-- www.telepost.no /ftp-abxdfmac 113.html
95.09.15 14:40 B C:\HTMLAFT\114.htm <-- www.telepost.no /ftp-abxdfmac 114.html
95.09.15 14:40 B C:\HTMLAFT\115.htm <-- www.telepost.no /ftp-abxdfmac 115.html
95.09.15 14:40 B C:\HTMLAFT\116.htm <-- www.telepost.no /ftp-abxdfmac 116.html
95.09.15 14:40 B C:\HTMLAFT\117.htm <-- www.telepost.no /ftp-abxdfmac 117.html
95.09.15 14:40 B C:\HTMLAFT\118.htm <-- www.telepost.no /ftp-abxdfmac 118.html
95.09.15 14:40 B C:\HTMLAFT\131.htm <-- www.telepost.no /ftp-abxdfmac 131.html
95.09.15 14:40 B C:\HTMLAFT\132.htm <-- www.telepost.no /ftp-abxdfmac 132.html
95.09.15 14:40 B C:\HTMLAFT\133.htm <-- www.telepost.no /ftp-abxdfmac 133.html
95.09.15 14:40 B C:\HTMLAFT\134.htm <-- www.telepost.no /ftp-abxdfmac 134.html
95.09.15 14:40 B C:\HTMLAFT\135.htm <-- www.telepost.no /ftp-abxdfmac 135.html
95.09.15 14:40 B C:\HTMLAFT\136.htm <-- www.telepost.no /ftp-abxdfmac 136.html
95.09.15 14:40 B C:\HTMLAFT\141.htm <-- www.telepost.no /ftp-abxdfmac 141.html
95.09.15 14:40 B C:\HTMLAFT\142.htm <-- www.telepost.no /ftp-abxdfmac 142.html
95.09.15 14:40 B C:\HTMLAFT\143.htm <-- www.telepost.no /ftp-abxdfmac 143.html
95.09.15 14:40 B C:\HTMLAFT\144.htm <-- www.telepost.no /ftp-abxdfmac 144.html
95.09.15 14:40 B C:\HTMLAFT\145.htm <-- www.telepost.no /ftp-abxdfmac 145.html
95.09.15 14:40 B C:\HTMLAFT\146.htm <-- www.telepost.no /ftp-abxdfmac 146.html
95.09.15 14:40 B C:\HTMLAFT\148.htm <-- www.telepost.no /ftp-abxdfmac 148.html
95.09.15 14:40 B C:\HTMLAFT\149.htm <-- www.telepost.no /ftp-abxdfmac 149.html
95.09.15 14:40 B C:\HTMLAFT\150.htm <-- www.telepost.no /ftp-abxdfmac 150.html
95.09.15 14:40 B C:\HTMLAFT\151.htm <-- www.telepost.no /ftp-abxdfmac 151.html
95.09.15 14:40 B C:\HTMLAFT\152.htm <-- www.telepost.no /ftp-abxdfmac 152.html
95.09.15 14:40 B C:\HTMLAFT\153.htm <-- www.telepost.no /ftp-abxdfmac 153.html
95.09.15 14:40 B C:\HTMLAFT\154.htm <-- www.telepost.no /ftp-abxdfmac 154.html
95.09.15 14:40 B C:\HTMLAFT\155.htm <-- www.telepost.no /ftp-abxdfmac 155.html
95.09.15 14:40 B C:\HTMLAFT\156.htm <-- www.telepost.no /ftp-abxdfmac 156.html
95.09.15 14:40 B C:\HTMLAFT\157.htm <-- www.telepost.no /ftp-abxdfmac 157.html
95.09.15 14:40 B C:\HTMLAFT\158.htm <-- www.telepost.no /ftp-abxdfmac 158.html
95.09.15 14:40 B C:\HTMLAFT\aft.htm <-- www.telepost.no /ftp-abxdfmac aft.html
95.09.15 14:40 B C:\HTMLAFT\ait.htm <-- www.telepost.no /ftp-abxdfmac ait.html
95.09.15 14:40 B C:\HTMLAFT\post.htm <-- www.telepost.no /ftp-abxdfmac post.html
95.09.15 14:40 B C:\HTMLAFT\testfil <-- www.telepost.no /ftp-abxdfmac testfil
95.09.15 14:48 B C:\HTMLAFT\110.htm --> frogner.oslonett.no /home/frogner/www/aftenposten 110.htm
95.09.15 14:48 B C:\HTMLAFT\111.htm --> frogner.oslonett.no /home/frogner/www/aftenposten 111.htm
95.09.15 14:48 B C:\HTMLAFT\112.htm --> frogner.oslonett.no /home/frogner/www/aftenposten 112.htm
95.09.15 14:48 B C:\HTMLAFT\113.htm --> frogner.oslonett.no /home/frogner/www/aftenposten 113.htm
95.09.15 14:48 B C:\HTMLAFT\114.htm --> frogner.oslonett.no /home/frogner/www/aftenposten 114.htm
95.09.15 14:48 B C:\HTMLAFT\115.htm --> frogner.oslonett.no /home/frogner/www/aftenposten 115.htm
95.09.15 14:48 B C:\HTMLAFT\116.htm --> frogner.oslonett.no /home/frogner/www/aftenposten 116.htm
95.09.15 14:48 B C:\HTMLAFT\117.htm --> frogner.oslonett.no /home/frogner/www/aftenposten 117.htm
95.09.15 14:48 B C:\HTMLAFT\118.htm --> frogner.oslonett.no /home/frogner/www/aftenposten 118.htm
95.09.15 14:48 B C:\HTMLAFT\131.htm --> frogner.oslonett.no /home/frogner/www/aftenposten 131.htm
95.09.15 14:49 B C:\HTMLAFT\132.htm --> frogner.oslonett.no /home/frogner/www/aftenposten 132.htm
95.09.15 14:49 B C:\HTMLAFT\133.htm --> frogner.oslonett.no /home/frogner/www/aftenposten 133.htm
95.09.15 14:49 B C:\HTMLAFT\134.htm --> frogner.oslonett.no /home/frogner/www/aftenposten 134.htm
95.09.15 14:49 B C:\HTMLAFT\135.htm --> frogner.oslonett.no /home/frogner/www/aftenposten 135.htm
95.09.15 14:49 B C:\HTMLAFT\136.htm --> frogner.oslonett.no /home/frogner/www/aftenposten 136.htm
95.09.15 14:49 B C:\HTMLAFT\141.htm --> frogner.oslonett.no /home/frogner/www/aftenposten 141.htm
95.09.15 14:49 B C:\HTMLAFT\142.htm --> frogner.oslonett.no /home/frogner/www/aftenposten 142.htm
95.09.15 14:49 B C:\HTMLAFT\143.htm --> frogner.oslonett.no /home/frogner/www/aftenposten 143.htm
95.09.15 14:49 B C:\HTMLAFT\144.htm --> frogner.oslonett.no /home/frogner/www/aftenposten 144.htm
95.09.15 14:49 B C:\HTMLAFT\145.htm --> frogner.oslonett.no /home/frogner/www/aftenposten 145.htm
95.09.15 14:49 B C:\HTMLAFT\146.htm --> frogner.oslonett.no /home/frogner/www/aftenposten 146.htm
95.09.15 14:49 B C:\HTMLAFT\148.htm --> frogner.oslonett.no /home/frogner/www/aftenposten 148.htm
95.09.15 14:49 B C:\HTMLAFT\149.htm --> frogner.oslonett.no /home/frogner/www/aftenposten 149.htm
95.09.15 14:49 B C:\HTMLAFT\150.htm --> frogner.oslonett.no /home/frogner/www/aftenposten 150.htm
95.09.15 14:49 B C:\HTMLAFT\151.htm --> frogner.oslonett.no /home/frogner/www/aftenposten 151.htm
95.09.15 14:49 B C:\HTMLAFT\152.htm --> frogner.oslonett.no /home/frogner/www/aftenposten 152.htm
95.09.15 14:49 B C:\HTMLAFT\153.htm --> frogner.oslonett.no /home/frogner/www/aftenposten 153.htm
95.09.15 14:49 B C:\HTMLAFT\154.htm --> frogner.oslonett.no /home/frogner/www/aftenposten 154.htm
95.09.15 14:49 B C:\HTMLAFT\155.htm --> frogner.oslonett.no /home/frogner/www/aftenposten 155.htm
95.09.15 14:49 B C:\HTMLAFT\156.htm --> frogner.oslonett.no /home/frogner/www/aftenposten 156.htm
95.09.15 14:49 B C:\HTMLAFT\157.htm --> frogner.oslonett.no /home/frogner/www/aftenposten 157.htm
95.09.15 14:49 B C:\HTMLAFT\158.htm --> frogner.oslonett.no /home/frogner/www/aftenposten 158.htm
95.09.15 14:49 B C:\HTMLAFT\aft.htm --> frogner.oslonett.no /home/frogner/www/aftenposten aft.htm
95.09.15 14:49 B C:\HTMLAFT\ait.htm --> frogner.oslonett.no /home/frogner/www/aftenposten ait.htm
95.09.15 14:49 B C:\HTMLAFT\post.htm --> frogner.oslonett.no /home/frogner/www/aftenposten post.htm
95.09.15 14:49 B C:\HTMLAFT\testfil --> frogner.oslonett.no /home/frogner/www/aftenposten testfil
